// Jest Snapshot v1, https://goo.gl/fbAQLP

exports[`<TOSandPrivacy /> renders 1`] = `
<Component
  style={
    Object {
      "alignItems": "center",
    }
  }
>
  <Txt
    color="light"
  >
    By Proceeding, I agree to the
  </Txt>
  <Component
    style={
      Object {
        "flexDirection": "row",
        "justifyContent": "center",
      }
    }
  >
    <TouchableOpacity
      activeOpacity={0.2}
    >
      <Component>
        <Txt
          color="light"
          style={
            Object {
              "fontWeight": "800",
            }
          }
        >
          Terms of Use
        </Txt>
      </Component>
    </TouchableOpacity>
    <Txt
      color="light"
    >
       and 
    </Txt>
    <TouchableOpacity
      activeOpacity={0.2}
    >
      <Component>
        <Txt
          color="light"
          style={
            Object {
              "fontWeight": "800",
            }
          }
        >
          Privacy Policy
        </Txt>
      </Component>
    </TouchableOpacity>
  </Component>
</Component>
`;
