// Jest Snapshot v1, https://goo.gl/fbAQLP

exports[`<Donation /> renders with just text 1`] = `
<Component
  style={
    Object {
      "height": 240,
      "padding": 20,
      "width": 240,
    }
  }
>
  <TouchableOpacity
    activeOpacity={0.2}
  >
    <Component
      style={
        Object {
          "alignItems": "center",
          "backgroundColor": "red",
          "height": "100%",
          "justifyContent": "center",
          "width": "100%",
        }
      }
    >
      <H2
        color="light"
      >
        mockTitle
      </H2>
    </Component>
  </TouchableOpacity>
</Component>
`;
