// Jest Snapshot v1, https://goo.gl/fbAQLP

exports[`<BottomRow /> renders 1`] = `
<Component
  style={
    Object {
      "alignItems": "center",
      "flexDirection": "row",
      "height": 49,
      "justifyContent": "space-between",
      "paddingHorizontal": 22,
    }
  }
>
  <Component
    style={
      Object {
        "alignItems": "center",
        "flexDirection": "row",
      }
    }
  >
    <Icon
      allowFontScaling={false}
      color="rgb(200,199,204)"
      name="eye"
      size={18}
    />
    <Txt
      color="default"
      style={
        Object {
          "fontSize": 13,
          "marginLeft": 8,
        }
      }
    >
      4567
    </Txt>
  </Component>
  <Component
    style={
      Object {
        "alignItems": "center",
        "flexDirection": "row",
      }
    }
  >
    <Component
      style={
        Object {
          "alignItems": "center",
          "flexDirection": "row",
        }
      }
    >
      <Icon
        allowFontScaling={false}
        color="rgb(255,45,85)"
        name="heart"
        size={22}
      />
      <Txt
        color="default"
        style={
          Object {
            "fontSize": 13,
            "marginLeft": 8,
          }
        }
      >
        24
      </Txt>
    </Component>
    <Component
      style={
        Object {
          "alignItems": "center",
          "flexDirection": "row",
          "marginLeft": 8,
        }
      }
    >
      <Icon
        allowFontScaling={false}
        color="rgb(200,199,204)"
        name="message"
        size={22}
      />
      <Txt
        color="default"
        style={
          Object {
            "fontSize": 13,
            "marginLeft": 8,
          }
        }
      >
        2
      </Txt>
    </Component>
  </Component>
</Component>
`;
