// Jest Snapshot v1, https://goo.gl/fbAQLP

exports[`<Messages /> Expect to have unit tests specified 1`] = `
<Screen>
  <Component
    style={
      Object {
        "alignItems": "center",
        "borderBottomColor": "#d3d3d3",
        "borderBottomWidth": 1,
        "flexDirection": "row",
        "height": 60,
        "justifyContent": "space-between",
        "paddingHorizontal": 20,
      }
    }
  >
    <Icon
      allowFontScaling={false}
      color="rgb(251, 100, 65)"
      name="plus"
      size={25}
    />
    <Txt
      color="default"
      style={
        Object {
          "fontSize": 22,
          "fontWeight": "600",
        }
      }
    >
      Messages
    </Txt>
    <Icon
      allowFontScaling={false}
      color="rgb(251, 100, 65)"
      name="magnifying-glass"
      size={25}
    />
  </Component>
  <ScrollViewMock>
    <Component
      style={
        Object {
          "flex": 1,
        }
      }
    >
      <MessageList />
    </Component>
  </ScrollViewMock>
</Screen>
`;
