// Jest Snapshot v1, https://goo.gl/fbAQLP

exports[`<Donations /> Expect to have unit tests specified 1`] = `
<Screen>
  <Component
    style={
      Object {
        "height": "100%",
      }
    }
  >
    <DonationsHeader />
    <ScrollViewMock>
      <Component
        style={
          Object {
            "flexDirection": "row",
            "flexWrap": "wrap",
            "padding": 7.5,
          }
        }
      />
    </ScrollViewMock>
  </Component>
</Screen>
`;
