// Jest Snapshot v1, https://goo.gl/fbAQLP

exports[`<NewsFeedItem /> renders 1`] = `
<Component>
  <Component
    style={
      Object {
        "backgroundColor": "#fff",
        "borderRadius": 10,
        "elevation": 3,
        "marginTop": 20,
        "shadowColor": "#555",
        "shadowOffset": Object {
          "height": 4,
          "width": 2,
        },
        "shadowOpacity": 0.2,
        "shadowRadius": 6,
      }
    }
  >
    <TopRow
      name="mockOrgName"
    />
    <Img
      img="mockImage"
      navDetail={[MockFunction]}
    />
    <BottomRow />
  </Component>
</Component>
`;
