// Jest Snapshot v1, https://goo.gl/fbAQLP

exports[`<Card /> renders with just text 1`] = `
ShallowWrapper {
  Symbol(enzyme.__root__): [Circular],
  Symbol(enzyme.__unrendered__): <Card>
    mockText
  </Card>,
  Symbol(enzyme.__renderer__): Object {
    "batchedUpdates": [Function],
    "checkPropTypes": [Function],
    "getNode": [Function],
    "render": [Function],
    "simulateError": [Function],
    "simulateEvent": [Function],
    "unmount": [Function],
  },
  Symbol(enzyme.__node__): Object {
    "instance": null,
    "key": undefined,
    "nodeType": "class",
    "props": Object {
      "children": "mockText",
      "style": Object {
        "backgroundColor": "#fff",
        "elevation": 3,
        "marginTop": 20,
        "padding": 20,
        "shadowColor": "#555",
        "shadowOffset": Object {
          "height": 4,
          "width": 2,
        },
        "shadowOpacity": 0.15,
        "shadowRadius": 6,
      },
    },
    "ref": null,
    "rendered": "mockText",
    "type": [Function],
  },
  Symbol(enzyme.__nodes__): Array [
    Object {
      "instance": null,
      "key": undefined,
      "nodeType": "class",
      "props": Object {
        "children": "mockText",
        "style": Object {
          "backgroundColor": "#fff",
          "elevation": 3,
          "marginTop": 20,
          "padding": 20,
          "shadowColor": "#555",
          "shadowOffset": Object {
            "height": 4,
            "width": 2,
          },
          "shadowOpacity": 0.15,
          "shadowRadius": 6,
        },
      },
      "ref": null,
      "rendered": "mockText",
      "type": [Function],
    },
  ],
  Symbol(enzyme.__options__): Object {
    "adapter": ReactSixteenAdapter {
      "options": Object {
        "enableComponentDidUpdateOnSetState": true,
        "legacyContextMode": "parent",
        "lifecycles": Object {
          "componentDidUpdate": Object {
            "onSetState": true,
          },
          "getChildContext": Object {
            "calledByRenderer": false,
          },
          "getDerivedStateFromError": false,
          "getDerivedStateFromProps": Object {
            "hasShouldComponentUpdateBug": false,
          },
          "getSnapshotBeforeUpdate": true,
          "setState": Object {
            "skipsComponentDidUpdateOnNullish": true,
          },
        },
      },
    },
  },
}
`;
