// Jest Snapshot v1, https://goo.gl/fbAQLP

exports[`<Card /> renders with just text 1`] = `
<Component
  style={
    Object {
      "backgroundColor": "#fff",
      "elevation": 3,
      "marginTop": 20,
      "padding": 20,
      "shadowColor": "#555",
      "shadowOffset": Object {
        "height": 4,
        "width": 2,
      },
      "shadowOpacity": 0.15,
      "shadowRadius": 6,
    }
  }
>
  mockText
</Component>
`;
