// Jest Snapshot v1, https://goo.gl/fbAQLP

exports[`<CreateNewsStory /> Expect to have unit tests specified 1`] = `
<Component
  style={
    Object {
      "height": "100%",
    }
  }
>
  <CreateNewsStoryHeader />
  <ScrollViewMock>
    <Component
      style={
        Object {
          "padding": 12,
        }
      }
    >
      <ReduxForm
        destroyOnUnmount={true}
        enableReinitialize={false}
        forceUnregisterOnUnmount={false}
        form="CreateNewsStory_FORM_NAME"
        getFormState={[Function]}
        keepDirtyOnReinitialize={false}
        persistentSubmitErrors={false}
        pure={true}
        shouldAsyncValidate={[Function]}
        shouldError={[Function]}
        shouldValidate={[Function]}
        shouldWarn={[Function]}
        submitAsSideEffect={false}
        submitStory={[MockFunction]}
        touchOnBlur={true}
        touchOnChange={false}
        updateUnregisteredFields={false}
      />
    </Component>
  </ScrollViewMock>
</Component>
`;
