// Jest Snapshot v1, https://goo.gl/fbAQLP

exports[`<Left /> renders 1`] = `
<TouchableOpacity
  activeOpacity={0.2}
  hitSlop={
    Object {
      "bottom": 15,
      "left": 50,
      "right": 50,
      "top": 15,
    }
  }
  onPress={[MockFunction]}
>
  <Component
    style={
      Object {
        "borderRadius": 17,
        "height": 34,
        "padding": 2,
        "width": 34,
        "zIndex": 100,
      }
    }
  >
    <Icon
      allowFontScaling={false}
      color="rgb(251, 100, 65)"
      name="chevron-left"
      size={30}
    />
  </Component>
</TouchableOpacity>
`;
