// Jest Snapshot v1, https://goo.gl/fbAQLP

exports[`<StackHeader /> renders 1`] = `
<SafeAreaView>
  <Component
    style={
      Object {
        "alignItems": "flex-end",
        "borderBottomColor": "rgb(251, 100, 65)",
        "borderBottomWidth": 1,
        "flexDirection": "row",
        "justifyContent": "space-between",
      }
    }
  >
    <Left
      onBack={[Function]}
    />
    <H1
      color="primary"
    />
    <Right />
  </Component>
</SafeAreaView>
`;
