// Jest Snapshot v1, https://goo.gl/fbAQLP

exports[`<Contact /> renders 1`] = `
<ScrollViewMock>
  <ContactHeading
    contact={
      Object {
        "email": "mockEmail",
        "first_name": "mockFirstName",
        "last_name": "mockLastName",
        "uuid": "mockUuid",
      }
    }
  />
  <Component
    style={
      Object {
        "paddingHorizontal": 12,
      }
    }
  >
    <H3
      color="default"
    >
      Organizations
    </H3>
    <ScrollViewMock
      horizontal={true}
      showsHorizontalScrollIndicator={false}
    >
      <AddOrgLink />
    </ScrollViewMock>
    <H3
      color="default"
    >
      Causes
    </H3>
    <ScrollViewMock
      horizontal={true}
      showsHorizontalScrollIndicator={false}
    >
      <AddCauseLink />
    </ScrollViewMock>
    <H3
      color="default"
    >
      Donations
    </H3>
    <ScrollViewMock
      horizontal={true}
    >
      <Txt
        color="default"
      >
        No Donations Yet
      </Txt>
    </ScrollViewMock>
    <H3
      color="default"
    >
      Stories
    </H3>
    <ScrollViewMock
      horizontal={true}
      showsHorizontalScrollIndicator={false}
    />
  </Component>
</ScrollViewMock>
`;
