// Jest Snapshot v1, https://goo.gl/fbAQLP

exports[`<TopRow /> renders 1`] = `
<Component
  style={
    Object {
      "alignItems": "center",
      "flexDirection": "row",
      "height": 58,
      "justifyContent": "space-between",
      "paddingHorizontal": 20,
    }
  }
>
  <Component
    style={
      Object {
        "alignItems": "center",
        "flexDirection": "row",
      }
    }
  >
    <Component
      style={
        Object {
          "backgroundColor": "#f0f0f0",
          "borderRadius": 16,
          "height": 32,
          "marginRight": 12,
          "width": 32,
        }
      }
    />
    <Component>
      <Txt
        color="default"
        style={
          Object {
            "fontSize": 16,
          }
        }
      >
        mockName
      </Txt>
      <Txt
        color="default"
        style={
          Object {
            "color": "rgb(171, 169,167)",
            "fontSize": 11,
          }
        }
      >
        @xyz123
      </Txt>
    </Component>
  </Component>
  <TouchableOpacity
    activeOpacity={0.2}
  >
    <Component>
      <Icon
        allowFontScaling={false}
        color="#d0d0d0"
        name="dots-three-horizontal"
        size={19}
      />
    </Component>
  </TouchableOpacity>
</Component>
`;
