// Jest Snapshot v1, https://goo.gl/fbAQLP

exports[`<Swipe /> renders 1`] = `
<Component
  style={
    Object {
      "flex": 1,
      "marginBottom": 12,
      "position": "relative",
    }
  }
>
  <ScrollViewMock
    horizontal={true}
    onScroll={[Function]}
    pagingEnabled={true}
    scrollEventThrottle={1000000}
    showsHorizontalScrollIndicator={false}
  />
  <Component
    style={
      Object {
        "alignItems": "center",
        "flexDirection": "row",
        "justifyContent": "center",
        "marginTop": 4,
      }
    }
  />
</Component>
`;
