// Jest Snapshot v1, https://goo.gl/fbAQLP

exports[`<Modal /> renders 1`] = `
<Component
  animationType="slide"
  hardwareAccelerated={false}
  onHide={[MockFunction]}
  onShow={[Function]}
  visible={true}
>
  <Component
    style={
      Object {
        "flex": 1,
      }
    }
  >
    <StatusBarComponent />
    <StackHeader
      noBackOption={true}
      onClose={[Function]}
      title=""
    />
    <ScrollViewMock>
      mockChildren
    </ScrollViewMock>
  </Component>
</Component>
`;
