// Jest Snapshot v1, https://goo.gl/fbAQLP

exports[`<Discover /> Expect to have unit tests specified 1`] = `
<Component
  style={
    Object {
      "flex": 1,
    }
  }
>
  <Component
    style={
      Object {
        "alignItems": "center",
        "borderBottomColor": "#d3d3d3",
        "borderBottomWidth": 1,
        "flexDirection": "row",
        "height": 60,
        "justifyContent": "space-between",
        "marginBottom": 12,
        "paddingHorizontal": 20,
      }
    }
  >
    <Icon
      allowFontScaling={false}
      color="rgb(251, 100, 65)"
      name="plus"
      size={25}
    />
    <Txt
      color="default"
      style={
        Object {
          "fontSize": 22,
          "fontWeight": "600",
        }
      }
    >
      Discover
    </Txt>
    <Icon
      allowFontScaling={false}
      color="rgb(251, 100, 65)"
      name="magnifying-glass"
      size={25}
    />
  </Component>
  <Component
    style={
      Object {
        "paddingHorizontal": 12,
      }
    }
  >
    <SwiperCards
      cards={Array []}
      handleNope={[Function]}
      handleYup={[Function]}
    />
  </Component>
</Component>
`;
