// Jest Snapshot v1, https://goo.gl/fbAQLP

exports[`<Discover /> Expect to have unit tests specified 1`] = `
ShallowWrapper {
  Symbol(enzyme.__root__): [Circular],
  Symbol(enzyme.__unrendered__): <Discover />,
  Symbol(enzyme.__renderer__): Object {
    "batchedUpdates": [Function],
    "checkPropTypes": [Function],
    "getNode": [Function],
    "render": [Function],
    "simulateError": [Function],
    "simulateEvent": [Function],
    "unmount": [Function],
  },
  Symbol(enzyme.__node__): Object {
    "instance": null,
    "key": undefined,
    "nodeType": "class",
    "props": Object {
      "children": Array [
        <Component
          style={
            Object {
              "alignItems": "center",
              "borderBottomColor": "#d3d3d3",
              "borderBottomWidth": 1,
              "flexDirection": "row",
              "height": 60,
              "justifyContent": "space-between",
              "paddingHorizontal": 20,
            }
          }
        >
          <Icon
            allowFontScaling={false}
            color="rgb(251, 100, 65)"
            name="plus"
            size={25}
          />
          <Txt
            color="default"
            style={
              Object {
                "fontSize": 22,
                "fontWeight": "600",
              }
            }
          >
            Discover
          </Txt>
          <Icon
            allowFontScaling={false}
            color="rgb(251, 100, 65)"
            name="magnifying-glass"
            size={25}
          />
        </Component>,
        <SwipeCards
          allowGestureTermination={true}
          cardKey="key"
          cardRemoved={[Function]}
          cards={
            Array [
              Object {
                "image": "https://source.unsplash.com/random/200x200?0",
                "name": "1",
              },
              Object {
                "image": "https://source.unsplash.com/random/200x200?1",
                "name": "2",
              },
              Object {
                "image": "https://source.unsplash.com/random/200x200?2",
                "name": "3",
              },
              Object {
                "image": "https://source.unsplash.com/random/200x200?3",
                "name": "4",
              },
              Object {
                "image": "https://source.unsplash.com/random/200x200?4",
                "name": "5",
              },
              Object {
                "image": "https://source.unsplash.com/random/200x200?5",
                "name": "6",
              },
              Object {
                "image": "https://source.unsplash.com/random/200x200?6",
                "name": "7",
              },
              Object {
                "image": "https://source.unsplash.com/random/200x200?7",
                "name": "8",
              },
              Object {
                "image": "https://source.unsplash.com/random/200x200?8",
                "name": "9",
              },
            ]
          }
          dragY={true}
          handleMaybe={[Function]}
          handleNope={[Function]}
          handleYup={[Function]}
          hasMaybeAction={false}
          loop={false}
          maybeText="Maybe!"
          nopeText="Nope!"
          onClickHandler={[Function]}
          onDragRelease={[Function]}
          onDragStart={[Function]}
          onLoop={[Function]}
          renderCard={[Function]}
          renderNoMoreCards={[Function]}
          showMaybe={true}
          showNope={true}
          showYup={true}
          smoothTransition={false}
          stack={false}
          stackDepth={5}
          stackOffsetX={25}
          stackOffsetY={0}
          style={
            Object {
              "alignItems": "center",
              "backgroundColor": "transparent",
              "flex": 1,
              "justifyContent": "center",
            }
          }
          yupText="Yup!"
        />,
      ],
      "style": Object {
        "flex": 1,
      },
    },
    "ref": null,
    "rendered": Array [
      Object {
        "instance": null,
        "key": undefined,
        "nodeType": "class",
        "props": Object {
          "children": Array [
            <Icon
              allowFontScaling={false}
              color="rgb(251, 100, 65)"
              name="plus"
              size={25}
            />,
            <Txt
              color="default"
              style={
                Object {
                  "fontSize": 22,
                  "fontWeight": "600",
                }
              }
            >
              Discover
            </Txt>,
            <Icon
              allowFontScaling={false}
              color="rgb(251, 100, 65)"
              name="magnifying-glass"
              size={25}
            />,
          ],
          "style": Object {
            "alignItems": "center",
            "borderBottomColor": "#d3d3d3",
            "borderBottomWidth": 1,
            "flexDirection": "row",
            "height": 60,
            "justifyContent": "space-between",
            "paddingHorizontal": 20,
          },
        },
        "ref": null,
        "rendered": Array [
          Object {
            "instance": null,
            "key": undefined,
            "nodeType": "class",
            "props": Object {
              "allowFontScaling": false,
              "color": "rgb(251, 100, 65)",
              "name": "plus",
              "size": 25,
            },
            "ref": null,
            "rendered": null,
            "type": [Function],
          },
          Object {
            "instance": null,
            "key": undefined,
            "nodeType": "function",
            "props": Object {
              "children": "Discover",
              "color": "default",
              "style": Object {
                "fontSize": 22,
                "fontWeight": "600",
              },
            },
            "ref": null,
            "rendered": "Discover",
            "type": [Function],
          },
          Object {
            "instance": null,
            "key": undefined,
            "nodeType": "class",
            "props": Object {
              "allowFontScaling": false,
              "color": "rgb(251, 100, 65)",
              "name": "magnifying-glass",
              "size": 25,
            },
            "ref": null,
            "rendered": null,
            "type": [Function],
          },
        ],
        "type": [Function],
      },
      Object {
        "instance": null,
        "key": undefined,
        "nodeType": "class",
        "props": Object {
          "allowGestureTermination": true,
          "cardKey": "key",
          "cardRemoved": [Function],
          "cards": Array [
            Object {
              "image": "https://source.unsplash.com/random/200x200?0",
              "name": "1",
            },
            Object {
              "image": "https://source.unsplash.com/random/200x200?1",
              "name": "2",
            },
            Object {
              "image": "https://source.unsplash.com/random/200x200?2",
              "name": "3",
            },
            Object {
              "image": "https://source.unsplash.com/random/200x200?3",
              "name": "4",
            },
            Object {
              "image": "https://source.unsplash.com/random/200x200?4",
              "name": "5",
            },
            Object {
              "image": "https://source.unsplash.com/random/200x200?5",
              "name": "6",
            },
            Object {
              "image": "https://source.unsplash.com/random/200x200?6",
              "name": "7",
            },
            Object {
              "image": "https://source.unsplash.com/random/200x200?7",
              "name": "8",
            },
            Object {
              "image": "https://source.unsplash.com/random/200x200?8",
              "name": "9",
            },
          ],
          "dragY": true,
          "handleMaybe": [Function],
          "handleNope": [Function],
          "handleYup": [Function],
          "hasMaybeAction": false,
          "loop": false,
          "maybeText": "Maybe!",
          "nopeText": "Nope!",
          "onClickHandler": [Function],
          "onDragRelease": [Function],
          "onDragStart": [Function],
          "onLoop": [Function],
          "renderCard": [Function],
          "renderNoMoreCards": [Function],
          "showMaybe": true,
          "showNope": true,
          "showYup": true,
          "smoothTransition": false,
          "stack": false,
          "stackDepth": 5,
          "stackOffsetX": 25,
          "stackOffsetY": 0,
          "style": Object {
            "alignItems": "center",
            "backgroundColor": "transparent",
            "flex": 1,
            "justifyContent": "center",
          },
          "yupText": "Yup!",
        },
        "ref": null,
        "rendered": null,
        "type": [Function],
      },
    ],
    "type": [Function],
  },
  Symbol(enzyme.__nodes__): Array [
    Object {
      "instance": null,
      "key": undefined,
      "nodeType": "class",
      "props": Object {
        "children": Array [
          <Component
            style={
              Object {
                "alignItems": "center",
                "borderBottomColor": "#d3d3d3",
                "borderBottomWidth": 1,
                "flexDirection": "row",
                "height": 60,
                "justifyContent": "space-between",
                "paddingHorizontal": 20,
              }
            }
          >
            <Icon
              allowFontScaling={false}
              color="rgb(251, 100, 65)"
              name="plus"
              size={25}
            />
            <Txt
              color="default"
              style={
                Object {
                  "fontSize": 22,
                  "fontWeight": "600",
                }
              }
            >
              Discover
            </Txt>
            <Icon
              allowFontScaling={false}
              color="rgb(251, 100, 65)"
              name="magnifying-glass"
              size={25}
            />
          </Component>,
          <SwipeCards
            allowGestureTermination={true}
            cardKey="key"
            cardRemoved={[Function]}
            cards={
              Array [
                Object {
                  "image": "https://source.unsplash.com/random/200x200?0",
                  "name": "1",
                },
                Object {
                  "image": "https://source.unsplash.com/random/200x200?1",
                  "name": "2",
                },
                Object {
                  "image": "https://source.unsplash.com/random/200x200?2",
                  "name": "3",
                },
                Object {
                  "image": "https://source.unsplash.com/random/200x200?3",
                  "name": "4",
                },
                Object {
                  "image": "https://source.unsplash.com/random/200x200?4",
                  "name": "5",
                },
                Object {
                  "image": "https://source.unsplash.com/random/200x200?5",
                  "name": "6",
                },
                Object {
                  "image": "https://source.unsplash.com/random/200x200?6",
                  "name": "7",
                },
                Object {
                  "image": "https://source.unsplash.com/random/200x200?7",
                  "name": "8",
                },
                Object {
                  "image": "https://source.unsplash.com/random/200x200?8",
                  "name": "9",
                },
              ]
            }
            dragY={true}
            handleMaybe={[Function]}
            handleNope={[Function]}
            handleYup={[Function]}
            hasMaybeAction={false}
            loop={false}
            maybeText="Maybe!"
            nopeText="Nope!"
            onClickHandler={[Function]}
            onDragRelease={[Function]}
            onDragStart={[Function]}
            onLoop={[Function]}
            renderCard={[Function]}
            renderNoMoreCards={[Function]}
            showMaybe={true}
            showNope={true}
            showYup={true}
            smoothTransition={false}
            stack={false}
            stackDepth={5}
            stackOffsetX={25}
            stackOffsetY={0}
            style={
              Object {
                "alignItems": "center",
                "backgroundColor": "transparent",
                "flex": 1,
                "justifyContent": "center",
              }
            }
            yupText="Yup!"
          />,
        ],
        "style": Object {
          "flex": 1,
        },
      },
      "ref": null,
      "rendered": Array [
        Object {
          "instance": null,
          "key": undefined,
          "nodeType": "class",
          "props": Object {
            "children": Array [
              <Icon
                allowFontScaling={false}
                color="rgb(251, 100, 65)"
                name="plus"
                size={25}
              />,
              <Txt
                color="default"
                style={
                  Object {
                    "fontSize": 22,
                    "fontWeight": "600",
                  }
                }
              >
                Discover
              </Txt>,
              <Icon
                allowFontScaling={false}
                color="rgb(251, 100, 65)"
                name="magnifying-glass"
                size={25}
              />,
            ],
            "style": Object {
              "alignItems": "center",
              "borderBottomColor": "#d3d3d3",
              "borderBottomWidth": 1,
              "flexDirection": "row",
              "height": 60,
              "justifyContent": "space-between",
              "paddingHorizontal": 20,
            },
          },
          "ref": null,
          "rendered": Array [
            Object {
              "instance": null,
              "key": undefined,
              "nodeType": "class",
              "props": Object {
                "allowFontScaling": false,
                "color": "rgb(251, 100, 65)",
                "name": "plus",
                "size": 25,
              },
              "ref": null,
              "rendered": null,
              "type": [Function],
            },
            Object {
              "instance": null,
              "key": undefined,
              "nodeType": "function",
              "props": Object {
                "children": "Discover",
                "color": "default",
                "style": Object {
                  "fontSize": 22,
                  "fontWeight": "600",
                },
              },
              "ref": null,
              "rendered": "Discover",
              "type": [Function],
            },
            Object {
              "instance": null,
              "key": undefined,
              "nodeType": "class",
              "props": Object {
                "allowFontScaling": false,
                "color": "rgb(251, 100, 65)",
                "name": "magnifying-glass",
                "size": 25,
              },
              "ref": null,
              "rendered": null,
              "type": [Function],
            },
          ],
          "type": [Function],
        },
        Object {
          "instance": null,
          "key": undefined,
          "nodeType": "class",
          "props": Object {
            "allowGestureTermination": true,
            "cardKey": "key",
            "cardRemoved": [Function],
            "cards": Array [
              Object {
                "image": "https://source.unsplash.com/random/200x200?0",
                "name": "1",
              },
              Object {
                "image": "https://source.unsplash.com/random/200x200?1",
                "name": "2",
              },
              Object {
                "image": "https://source.unsplash.com/random/200x200?2",
                "name": "3",
              },
              Object {
                "image": "https://source.unsplash.com/random/200x200?3",
                "name": "4",
              },
              Object {
                "image": "https://source.unsplash.com/random/200x200?4",
                "name": "5",
              },
              Object {
                "image": "https://source.unsplash.com/random/200x200?5",
                "name": "6",
              },
              Object {
                "image": "https://source.unsplash.com/random/200x200?6",
                "name": "7",
              },
              Object {
                "image": "https://source.unsplash.com/random/200x200?7",
                "name": "8",
              },
              Object {
                "image": "https://source.unsplash.com/random/200x200?8",
                "name": "9",
              },
            ],
            "dragY": true,
            "handleMaybe": [Function],
            "handleNope": [Function],
            "handleYup": [Function],
            "hasMaybeAction": false,
            "loop": false,
            "maybeText": "Maybe!",
            "nopeText": "Nope!",
            "onClickHandler": [Function],
            "onDragRelease": [Function],
            "onDragStart": [Function],
            "onLoop": [Function],
            "renderCard": [Function],
            "renderNoMoreCards": [Function],
            "showMaybe": true,
            "showNope": true,
            "showYup": true,
            "smoothTransition": false,
            "stack": false,
            "stackDepth": 5,
            "stackOffsetX": 25,
            "stackOffsetY": 0,
            "style": Object {
              "alignItems": "center",
              "backgroundColor": "transparent",
              "flex": 1,
              "justifyContent": "center",
            },
            "yupText": "Yup!",
          },
          "ref": null,
          "rendered": null,
          "type": [Function],
        },
      ],
      "type": [Function],
    },
  ],
  Symbol(enzyme.__options__): Object {
    "adapter": ReactSixteenAdapter {
      "options": Object {
        "enableComponentDidUpdateOnSetState": true,
        "legacyContextMode": "parent",
        "lifecycles": Object {
          "componentDidUpdate": Object {
            "onSetState": true,
          },
          "getChildContext": Object {
            "calledByRenderer": false,
          },
          "getDerivedStateFromError": false,
          "getDerivedStateFromProps": Object {
            "hasShouldComponentUpdateBug": false,
          },
          "getSnapshotBeforeUpdate": true,
          "setState": Object {
            "skipsComponentDidUpdateOnNullish": true,
          },
        },
      },
    },
  },
  Symbol(enzyme.__childContext__): null,
}
`;
