// Jest Snapshot v1, https://goo.gl/fbAQLP

exports[`<UpdateContactHeader /> renders with just text 1`] = `
<Component
  style={
    Object {
      "alignItems": "center",
      "borderBottomColor": "#d3d3d3",
      "borderBottomWidth": 1,
      "flexDirection": "row",
      "height": 60,
      "justifyContent": "space-between",
      "paddingHorizontal": 20,
    }
  }
>
  <TouchableOpacity
    activeOpacity={0.2}
    onPress={[Function]}
  >
    <Component>
      <Icon
        allowFontScaling={false}
        color="rgb(251, 100, 65)"
        name="chevron-left"
        size={30}
      />
    </Component>
  </TouchableOpacity>
  <Txt
    color="default"
    style={
      Object {
        "fontSize": 22,
        "fontWeight": "600",
      }
    }
  >
    Update Contact
  </Txt>
  <Component
    style={
      Object {
        "width": 25,
      }
    }
  />
</Component>
`;
