// Jest Snapshot v1, https://goo.gl/fbAQLP

exports[`<NewsFeedContact /> renders 1`] = `
<Component
  style={
    Object {
      "alignItems": "center",
      "padding": 7.5,
    }
  }
>
  <Component
    style={
      Object {
        "backgroundColor": "#f0f0f0",
        "borderRadius": 25,
        "height": 50,
        "width": 50,
      }
    }
  />
  <Component
    style={
      Object {
        "color": "rgb(171,169,167)",
        "fontSize": 16,
        "marginTop": 4,
      }
    }
  >
    mockText
  </Component>
</Component>
`;
